loading model...
Loading weights:   0%|          | 0/146 [00:00<?, ?it/s]Loading weights: 100%|██████████| 146/146 [00:00<00:00, 4710.74it/s]
model loaded, generating samples...
evaluating corrupt (0-hop) prompts...
[transformers] Ignoring clean_up_tokenization_spaces=True for BPE tokenizer TokenizersBackend. The clean_up_tokenization post-processing step is designed for WordPiece tokenizers and is destructive for BPE (it strips spaces before punctuation). Set clean_up_tokenization_spaces=False to suppress this warning, or set clean_up_tokenization_spaces_for_bpe_even_though_it_will_corrupt_output=True to force cleanup anyway.
corrupt acc: cand 0.4666666666666667 vocab 0.36666666666666664
BAD gold ' B' pred ' A' | The vase is in box A. The ball is in box B. The fork is in box C. The sock is in box D. The plate is in box E. ...
OK  gold ' E' pred ' F' | The ball is in box A. The rope is in box B. The coin is in box C. The drum is in box D. The vase is in box E.  ...
BAD gold ' C' pred ' A' | The bell is in box A. The rope is in box B. The sock is in box C. The plate is in box D. The hat is in box E.  ...
BAD gold ' B' pred ' A' | The comb is in box A. The egg is in box B. The ring is in box C. The drum is in box D. The book is in box E. T ...
OK  gold ' D' pred ' D' | The rope is in box A. The coin is in box B. The ball is in box C. The hat is in box D. The plate is in box E.  ...
BAD gold ' C' pred ' A' | The key is in box A. The vase is in box B. The egg is in box C. The hat is in box D. The sock is in box E. The ...
OK  gold ' D' pred ' D' | The comb is in box A. The card is in box B. The key is in box C. The ring is in box D. The rope is in box E. T ...
BAD gold ' C' pred ' A' | The card is in box A. The rope is in box B. The pen is in box C. The brush is in box D. The toy is in box E. T ...
OK  gold ' D' pred ' D' | The card is in box A. The rope is in box B. The hat is in box C. The sock is in box D. The ball is in box E. T ...
BAD gold ' B' pred ' A' | The ring is in box A. The brush is in box B. The toy is in box C. The comb is in box D. The pen is in box E. T ...
OK  gold ' D' pred ' F' | The book is in box A. The hat is in box B. The sock is in box C. The plate is in box D. The vase is in box E.  ...
OK  gold ' A' pred ' A' | The cup is in box A. The bell is in box B. The sock is in box C. The hat is in box D. The card is in box E. Th ...
BAD gold ' C' pred ' A' | The pen is in box A. The comb is in box B. The hat is in box C. The card is in box D. The bell is in box E. Th ...
BAD gold ' C' pred ' A' | The key is in box A. The sock is in box B. The ring is in box C. The fork is in box D. The cup is in box E. Th ...
BAD gold ' D' pred ' A' | The card is in box A. The book is in box B. The key is in box C. The toy is in box D. The ball is in box E. Th ...
