Loading weights:   0%|          | 0/146 [00:00<?, ?it/s]Loading weights: 100%|██████████| 146/146 [00:00<00:00, 2613.68it/s]
[1] minimality: token diff median=17 max=18 | word diff median=14 max=15 (prompt ~606 words)
[2] structural: 256/256 pass (0-hop corrupt, >=1-hop clean, answers re-derive, clean!=corrupt)
[2b] no-leak: 256/256 pass (query item never named in swap sentences; clean ans != corrupt)
[transformers] Ignoring clean_up_tokenization_spaces=True for BPE tokenizer TokenizersBackend. The clean_up_tokenization post-processing step is designed for WordPiece tokenizers and is destructive for BPE (it strips spaces before punctuation). Set clean_up_tokenization_spaces=False to suppress this warning, or set clean_up_tokenization_spaces_for_bpe_even_though_it_will_corrupt_output=True to force cleanup anyway.
[0] baseline: clean=1.0000 corrupt=1.0000 (cand-acc, n=256)
[3] zero-swap probe on corrupt: acc=0.4336 (must be ~1.0: swaps causally irrelevant to corrupt answer)
[4] scramble probe on corrupt: accs=['1.000', '1.000', '1.000', '1.000'] (NB: at 3 boxes the non-query pair is unique, so at corrupt_n_swaps=1 this probe has no degrees of freedom and is vacuous)
[4b] mutation probe on corrupt [words-shuffled]: acc=0.973 (gold unchanged; ~1.0 = answer ignores swap content)
[4b] mutation probe on corrupt [nonexistent-boxes]: acc=0.297 (gold unchanged; ~1.0 = answer ignores swap content)
[4b] mutation probe on corrupt [unrelated]: acc=0.965 (gold unchanged; ~1.0 = answer ignores swap content)
[5] sensitivity on clean: acc-vs-new-truth=['0.352', '0.328', '0.344', '0.270'] flip-rate=['1.000', '1.000', '1.000', '1.000']
    (high acc vs new truth = model routes answer through swaps)
[6] balance: clean={' A': 84, ' B': 82, ' C': 90} corrupt={' A': 89, ' B': 85, ' C': 82}
=========== GPT2 (informative) ===========
Loading weights:   0%|          | 0/148 [00:00<?, ?it/s]Loading weights: 100%|██████████| 148/148 [00:00<00:00, 2773.64it/s]
NOTE: ITEM_POOL dropped (not single-token for gpt2): ['vase']
file=datasets/multihop_swapbox_ans_q_fs16_uq_c1_3b2s2h_test.jsonl  model=gpt2  n=256
clean:   cand-acc=0.0625  vocab-acc=0.0625
corrupt: cand-acc=0.9961  vocab-acc=0.9961
